#-----------------------------------------------------------
# Vivado v2024.1 (64-bit)
# SW Build 5076996 on Wed May 22 18:36:09 MDT 2024
# IP Build 5075265 on Wed May 22 21:45:21 MDT 2024
# SharedData Build 5076995 on Wed May 22 18:29:18 MDT 2024
# Start of session at: Mon Jun 17 01:01:01 2024
# Process ID: 70344
# Current directory: /home/yates/Documents/GitHub/Building-A-Computer-From-First-Principles/Hardware/Hardware/Hardware.runs/synth_1
# Command line: vivado -log ALU.vds -product Vivado -mode batch -messageDb vivado.pb -notrace -source ALU.tcl
# Log file: /home/yates/Documents/GitHub/Building-A-Computer-From-First-Principles/Hardware/Hardware/Hardware.runs/synth_1/ALU.vds
# Journal file: /home/yates/Documents/GitHub/Building-A-Computer-From-First-Principles/Hardware/Hardware/Hardware.runs/synth_1/vivado.jou
# Running On        :yates-MS-7C02
# Platform          :Linuxmint
# Operating System  :Linux Mint 21.3
# Processor Detail  :AMD Ryzen 5 3600 6-Core Processor
# CPU Frequency     :2200.000 MHz
# CPU Physical cores:6
# CPU Logical cores :12
# Host memory       :33591 MB
# Swap memory       :2147 MB
# Total Virtual     :35738 MB
# Available Virtual :26015 MB
#-----------------------------------------------------------
source ALU.tcl -notrace
