case__33: RAM32K__GC0, 
case__21: RAM512, 
case__40: RAM64K__GC0, 
muxpart__3: RAM4K__GC0, 
reg__1: MemoryModule__GC0, 
case__36: RAM32K__GC0, 
muxpart__1: RAM512, 
case__8: RAM512, 
case__29: RAM4K__GC0, 
RAM64: RAM512, 
RAM4K__GC0: RAM4K__GC0, 
case__14: RAM512, 
case__26: RAM4K__GC0, 
case__9: RAM512, 
case__17: RAM512, 
case__2: RAM512, 
muxpart__4: RAM32K__GC0, 
case__27: RAM4K__GC0, 
case__19: RAM512, 
muxpart: RAM512, 
case__13: RAM512, 
logic: RAM64K__GC0, 
case__18: RAM512, 
case__23: RAM512, 
RAM8: RAM512, 
muxpart__2: RAM512, 
RAM64K__GC0: RAM64K__GC0, 
case__6: RAM512, 
case__4: RAM512, 
Register16Bit: RAM512, 
case__35: RAM32K__GC0, 
case__11: RAM512, 
case__10: RAM512, 
case__34: RAM32K__GC0, 
case__30: RAM4K__GC0, 
reg: RAM512, 
case__38: RAM32K__GC0, 
case__12: RAM512, 
case__16: RAM512, 
case__15: RAM512, 
Register16Bit__parameterized1: MemoryModule__GC0, 
case__7: RAM512, 
case__5: RAM512, 
case__39: RAM32K__GC0, 
case__28: RAM4K__GC0, 
case: RAM512, 
case__31: RAM4K__GC0, 
RAM32K__GC0: RAM32K__GC0, 
case__22: RAM512, 
case__3: RAM512, 
RAM512: RAM512, 
case__25: RAM4K__GC0, 
case__1: RAM512, 
case__20: RAM512, 
case__37: RAM32K__GC0, 
MemoryModule__GC0: MemoryModule__GC0, 
case__24: RAM4K__GC0, 
case__32: RAM32K__GC0, 
