reg__371: reg
reg__257: reg
case__347: case__5
Register16Bit__212: Register16Bit
reg__393: reg
reg__99: reg
case__27: case__27
case__507: case__5
reg__162: reg
Register16Bit__70: Register16Bit
Register16Bit__314: Register16Bit
Register16Bit__128: Register16Bit
Register16Bit__468: Register16Bit
muxpart__15: muxpart
Register16Bit__74: Register16Bit
reg__149: reg
case__345: case__7
Register16Bit__502: Register16Bit
muxpart__2: muxpart__2
case__1: case__1
case__116: case__4
case__404: case__4
case__527: case__1
reg__297: reg
reg__501: reg
RAM8__37: RAM8
Register16Bit__147: Register16Bit
Register16Bit__383: Register16Bit
case__138: case__6
muxpart__7: muxpart
Register16Bit__344: Register16Bit
case__134: case__2
Register16Bit__266: Register16Bit
Register16Bit__284: Register16Bit
reg__402: reg
reg__395: reg
reg__465: reg
reg__363: reg
Register16Bit__359: Register16Bit
Register16Bit__162: Register16Bit
Register16Bit__197: Register16Bit
Register16Bit__4: Register16Bit
muxpart__68: muxpart
reg__95: reg
reg__385: reg
case__130: case__6
Register16Bit__152: Register16Bit
Register16Bit__13: Register16Bit
case__23: case__23
case__265: case__7
reg__334: reg
case__79: case__1
case__106: case__6
case__599: case__1
RAM8__27: RAM8
reg__222: reg
reg__350: reg
case__435: case__5
Register16Bit__155: Register16Bit
Register16Bit__263: Register16Bit
reg__31: reg
Register16Bit__144: Register16Bit
reg__113: reg
case__115: case__5
RAM8__39: RAM8
RAM8__12: RAM8
case__291: case__5
reg__362: reg
reg__329: reg
Register16Bit__63: Register16Bit
reg__432: reg
Register16Bit__334: Register16Bit
reg__326: reg
case__445: case__3
Register16Bit__58: Register16Bit
case__110: case__2
Register16Bit__370: Register16Bit
case__84: case__4
Register16Bit__342: Register16Bit
case__131: case__5
Register16Bit__441: Register16Bit
case__145: case__7
Register16Bit__271: Register16Bit
RAM8__8: RAM8
Register16Bit__178: Register16Bit
logic: logic
case__185: case__7
Register16Bit__262: Register16Bit
case__583: case__1
Register16Bit__54: Register16Bit
Register16Bit__336: Register16Bit
case__91: case__5
case__282: case__6
case__152: case
case__592: case
reg__103: reg
reg__65: reg
case__157: case__3
case__381: case__3
Register16Bit__362: Register16Bit
Register16Bit__120: Register16Bit
reg__20: reg
case__365: case__3
reg__127: reg
case__83: case__5
reg__22: reg
Register16Bit__25: Register16Bit
reg__228: reg
Register16Bit__198: Register16Bit
case__405: case__3
case__183: case__1
Register16Bit__498: Register16Bit
reg__156: reg
RAM8__2: RAM8
case__225: case__7
Register16Bit__237: Register16Bit
case__396: case__4
case__304: case
case__168: case
case__558: case__2
reg__351: reg
Register16Bit__330: Register16Bit
muxpart__9: muxpart
case__279: case__1
case__15: case__15
case__368: case
reg__419: reg
Register16Bit__413: Register16Bit
Register16Bit__76: Register16Bit
case__140: case__4
Register16Bit__206: Register16Bit
Register16Bit__475: Register16Bit
reg__37: reg
case__270: case__2
Register16Bit__430: Register16Bit
case__537: case__7
case__586: case__6
Register16Bit__264: Register16Bit
case__334: case__2
Register16Bit__341: Register16Bit
muxpart: muxpart
reg__508: reg
muxpart__42: muxpart
reg__36: reg
case__516: case__4
Register16Bit__302: Register16Bit
case__41: case__7
reg__120: reg
Register16Bit__426: Register16Bit
reg: reg
reg__242: reg
Register16Bit__439: Register16Bit
case__485: case__3
RAM8__59: RAM8
case__155: case__5
Register16Bit__476: Register16Bit
case__470: case__2
case__240: case
reg__209: reg
reg__224: reg
reg__461: reg
case__325: case__3
Register16Bit__43: Register16Bit
reg__210: reg
reg__300: reg
Register16Bit__170: Register16Bit
Register16Bit__340: Register16Bit
Register16Bit__236: Register16Bit
case__369: case__7
reg__93: reg
Register16Bit__69: Register16Bit
reg__338: reg
case__428: case__4
case__449: case__7
Register16Bit__353: Register16Bit
case__358: case__2
case__210: case__6
reg__410: reg
reg__200: reg
case__175: case__9
case__361: case__7
case__490: case__6
RAM8__3: RAM8
RAM64: RAM64
RAM8__19: RAM8
Register16Bit__36: Register16Bit
reg__29: reg
case__346: case__6
reg__191: reg
Register16Bit__481: Register16Bit
Register16Bit__346: Register16Bit
reg__490: reg
reg__121: reg
reg__477: reg
reg__230: reg
Register16Bit__172: Register16Bit
reg__133: reg
muxpart__54: muxpart
case__212: case__4
Register16Bit__410: Register16Bit
case__484: case__4
Register16Bit: Register16Bit
muxpart__11: muxpart
reg__264: reg
Register16Bit__65: Register16Bit
case__482: case__6
reg__192: reg
Register16Bit__167: Register16Bit
case__8: case__8
reg__323: reg
Register16Bit__149: Register16Bit
muxpart__33: muxpart
case__349: case__3
Register16Bit__67: Register16Bit
case__238: case__2
reg__328: reg
Register16Bit__483: Register16Bit
reg__48: reg
reg__456: reg
case__560: case
Register16Bit__484: Register16Bit
Register16Bit__215: Register16Bit
reg__119: reg
Register16Bit__315: Register16Bit
case__46: case__2
reg__183: reg
case__229: case__3
reg__474: reg
case__477: case__3
reg__166: reg
muxpart__45: muxpart
case__471: case__1
reg__104: reg
Register16Bit__286: Register16Bit
Register16Bit__124: Register16Bit
RAM8__41: RAM8
case__287: case__1
Register16Bit__427: Register16Bit
reg__165: reg
Register16Bit__358: Register16Bit
Register16Bit__132: Register16Bit
Register16Bit__45: Register16Bit
reg__56: reg
Register16Bit__339: Register16Bit
case__62: case__2
Register16Bit__180: Register16Bit
reg__100: reg
Register16Bit__163: Register16Bit
reg__266: reg
reg__463: reg
RAM64K__GC0: RAM64K__GC0
case__57: case__7
reg__392: reg
Register16Bit__218: Register16Bit
case__132: case__4
Register16Bit__64: Register16Bit
Register16Bit__78: Register16Bit
Register16Bit__328: Register16Bit
case__292: case__4
case__193: case__7
case__266: case__6
reg__110: reg
case__92: case__4
case__40: case__40
reg__305: reg
reg__406: reg
Register16Bit__208: Register16Bit
reg__137: reg
case__275: case__5
Register16Bit__355: Register16Bit
reg__262: reg
Register16Bit__507: Register16Bit
case__253: case__3
case__97: case__15
case__142: case__2
Register16Bit__444: Register16Bit
Register16Bit__257: Register16Bit
case__575: case__1
Register16Bit__267: Register16Bit
Register16Bit__318: Register16Bit
reg__495: reg
case__120: case
reg__249: reg
case__32: case__32
Register16Bit__456: Register16Bit
case__362: case__6
muxpart__73: muxpart
reg__506: reg
Register16Bit__242: Register16Bit
muxpart__34: muxpart
RAM8__15: RAM8
case__107: case__5
case__28: case__28
reg__117: reg
Register16Bit__395: Register16Bit
reg__455: reg
case__491: case__5
case__364: case__4
reg__355: reg
reg__428: reg
Register16Bit__378: Register16Bit
case__385: case__15
Register16Bit__437: Register16Bit
reg__459: reg
reg__417: reg
Register16Bit__226: Register16Bit
reg__440: reg
case__332: case__4
Register16Bit__387: Register16Bit
RAM8__48: RAM8
Register16Bit__59: Register16Bit
case__309: case__3
reg__466: reg
Register16Bit__57: Register16Bit
case__58: case__6
Register16Bit__465: Register16Bit
case__197: case__3
Register16Bit__parameterized1__1: Register16Bit__parameterized1
Register16Bit__283: Register16Bit
Register16Bit__457: Register16Bit
case__514: case__6
case__82: case__6
reg__303: reg
reg__426: reg
Register16Bit__77: Register16Bit
Register16Bit__296: Register16Bit
case__100: case__12
RAM8__36: RAM8
case__64: case
case__255: case__1
reg__439: reg
case__419: case__5
Register16Bit__50: Register16Bit
case__49: case__7
Register16Bit__209: Register16Bit
reg__462: reg
case__463: case__9
Register16Bit__112: Register16Bit
Register16Bit__138: Register16Bit
Register16Bit__337: Register16Bit
RAM64__2: RAM64
reg__202: reg
Register16Bit__224: Register16Bit
reg__27: reg
Register16Bit__490: Register16Bit
reg__416: reg
reg__292: reg
case__12: case__12
case__564: case__4
case__169: case__15
case__248: case__8
case__384: case
reg__15: reg
reg__273: reg
Register16Bit__30: Register16Bit
case__443: case__5
case__330: case__6
reg__418: reg
reg__443: reg
reg__473: reg
Register16Bit__500: Register16Bit
reg__96: reg
reg__77: reg
Register16Bit__448: Register16Bit
reg__86: reg
reg__306: reg
case__220: case__4
RAM8: RAM8
case__201: case__7
reg__378: reg
reg__148: reg
Register16Bit__354: Register16Bit
RAM8__23: RAM8
RAM8__1: RAM8
Register16Bit__499: Register16Bit
Register16Bit__220: Register16Bit
Register16Bit__73: Register16Bit
Register16Bit__379: Register16Bit
reg__483: reg
Register16Bit__225: Register16Bit
reg__404: reg
RAM8__35: RAM8
Register16Bit__101: Register16Bit
case__68: case__4
reg__85: reg
reg__319: reg
case__198: case__2
muxpart__10: muxpart
case__33: case__33
case__94: case__2
case__460: case__12
muxpart__62: muxpart
case__159: case__1
reg__478: reg
case__430: case__2
reg__493: reg
Register16Bit__134: Register16Bit
Register16Bit__210: Register16Bit
reg__253: reg
reg__320: reg
reg__245: reg
Register16Bit__466: Register16Bit
case__59: case__5
muxpart__12: muxpart__1
case__450: case__6
RAM8__26: RAM8
reg__161: reg
reg__256: reg
reg__511: reg
MemoryModule__GC0: MemoryModule__GC0
reg__188: reg
reg__449: reg
reg__487: reg
reg__307: reg
Register16Bit__505: Register16Bit
reg__101: reg
reg__3: reg
case__348: case__4
case__137: case__7
case__353: case__7
reg__157: reg
reg__237: reg
Register16Bit__335: Register16Bit
Register16Bit__306: Register16Bit
case__370: case__6
case__383: case__1
case__518: case__2
Register16Bit__421: Register16Bit
case__380: case__4
case__303: case__1
reg__215: reg
case__554: case__6
reg__452: reg
Register16Bit__402: Register16Bit
case__441: case__7
reg__424: reg
Register16Bit__423: Register16Bit
muxpart__65: muxpart
reg__206: reg
case__117: case__3
case__408: case
RAM8__62: RAM8
Register16Bit__108: Register16Bit
Register16Bit__361: Register16Bit
reg__144: reg
case__258: case__6
case__476: case__4
case__340: case__4
Register16Bit__310: Register16Bit
case__10: case__10
case__376: case
case__462: case__10
reg__35: reg
case__93: case__3
case__461: case__11
muxpart__18: muxpart
reg__42: reg
case__207: case__1
Register16Bit__486: Register16Bit
Register16Bit__140: Register16Bit
case__42: case__6
case__267: case__5
Register16Bit__372: Register16Bit
Register16Bit__151: Register16Bit
Register16Bit__117: Register16Bit
case__587: case__5
case__192: case
Register16Bit__274: Register16Bit
reg__287: reg
reg__73: reg
case__446: case__2
Register16Bit__48: Register16Bit
reg__159: reg
reg__278: reg
Register16Bit__375: Register16Bit
case__277: case__3
Register16Bit__478: Register16Bit
case__567: case__1
reg__479: reg
reg__411: reg
RAM8__18: RAM8
muxpart__13: muxpart
Register16Bit__249: Register16Bit
muxpart__25: muxpart
case__195: case__5
reg__163: reg
Register16Bit__480: Register16Bit
Register16Bit__317: Register16Bit
reg__498: reg
Register16Bit__241: Register16Bit
RAM8__17: RAM8
reg__25: reg
case__76: case__4
Register16Bit__327: Register16Bit
case__164: case__4
case__86: case__2
RAM8__60: RAM8
Register16Bit__230: Register16Bit
Register16Bit__parameterized1: Register16Bit__parameterized1
Register16Bit__277: Register16Bit
Register16Bit__288: Register16Bit
RAM32K__GC0: RAM32K__GC0
Register16Bit__7: Register16Bit
case__80: case
Register16Bit__213: Register16Bit
case__494: case__2
case__237: case__3
Register16Bit__406: Register16Bit
case__239: case__1
Register16Bit__363: Register16Bit
muxpart__30: muxpart__1
reg__8: reg
Register16Bit__279: Register16Bit
case__551: case__1
case__260: case__4
reg__72: reg
Register16Bit__27: Register16Bit
case__568: case
muxpart__48: muxpart__1
case__21: case__21
Register16Bit__20: Register16Bit
reg__290: reg
case__230: case__2
case__316: case__12
Register16Bit__436: Register16Bit
case__224: case
reg__54: reg
case__580: case__4
reg__193: reg
case__427: case__5
RAM8__29: RAM8
reg__457: reg
Register16Bit__366: Register16Bit
case__403: case__5
case__387: case__13
case__498: case__6
case__112: case
reg__231: reg
Register16Bit__290: Register16Bit
Register16Bit__24: Register16Bit
reg__182: reg
case__191: case__1
case__121: case__7
Register16Bit__272: Register16Bit
reg__225: reg
case__457: case__15
Register16Bit__92: Register16Bit
case__26: case__26
reg__413: reg
case__36: case__36
Register16Bit__9: Register16Bit
reg__281: reg
Register16Bit__382: Register16Bit
Register16Bit__431: Register16Bit
case__126: case__2
reg__502: reg
muxpart__56: muxpart
reg__186: reg
case__593: case__7
case__81: case__7
reg__235: reg
Register16Bit__435: Register16Bit
reg__141: reg
case__235: case__5
muxpart__50: muxpart
reg__444: reg
Register16Bit__142: Register16Bit
Register16Bit__10: Register16Bit
Register16Bit__244: Register16Bit
case__88: case
reg__28: reg
reg__353: reg
reg__92: reg
case__339: case__5
Register16Bit__89: Register16Bit
muxpart__64: muxpart
case__35: case__35
case__166: case__2
case__555: case__5
case__45: case__3
case__577: case__7
case__298: case__6
case__174: case__10
case__216: case
case__250: case__6
reg__114: reg
reg__331: reg
reg__247: reg
case__29: case__29
Register16Bit__240: Register16Bit
case__293: case__3
Register16Bit__233: Register16Bit
reg__315: reg
case__99: case__13
reg__13: reg
Register16Bit__278: Register16Bit
RAM8__47: RAM8
Register16Bit__193: Register16Bit
Register16Bit__471: Register16Bit
reg__341: reg
Register16Bit__348: Register16Bit
reg__180: reg
reg__153: reg
case__512: case
case__122: case__6
reg__211: reg
Register16Bit__254: Register16Bit
Register16Bit__103: Register16Bit
reg__494: reg
reg__98: reg
RAM8__53: RAM8
muxpart__69: muxpart
case__390: case__10
reg__139: reg
reg__422: reg
Register16Bit__265: Register16Bit
Register16Bit__37: Register16Bit
reg__325: reg
Register16Bit__245: Register16Bit
Register16Bit__440: Register16Bit
reg__414: reg
muxpart__67: muxpart
case__308: case__4
Register16Bit__169: Register16Bit
Register16Bit__186: Register16Bit
Register16Bit__184: Register16Bit
case__16: case__16
case__14: case__14
case__469: case__3
RAM8__42: RAM8
muxpart__32: muxpart
reg__375: reg
RAM8__45: RAM8
reg__286: reg
reg__366: reg
reg__263: reg
Register16Bit__356: Register16Bit
reg__123: reg
reg__492: reg
Register16Bit__376: Register16Bit
reg__450: reg
reg__167: reg
reg__277: reg
reg__49: reg
reg__491: reg
reg__130: reg
case__500: case__4
Register16Bit__510: Register16Bit
Register16Bit__388: Register16Bit
case__354: case__6
reg__204: reg
case__341: case__3
reg__377: reg
RAM8__7: RAM8
Register16Bit__145: Register16Bit
reg__122: reg
Register16Bit__95: Register16Bit
case__89: case__7
case__561: case__7
Register16Bit__299: Register16Bit
RAM8__52: RAM8
case__395: case__5
Register16Bit__332: Register16Bit
Register16Bit__33: Register16Bit
case__506: case__6
muxpart__59: muxpart
case__488: case
reg__317: reg
Register16Bit__177: Register16Bit
Register16Bit__304: Register16Bit
case__52: case__4
Register16Bit__259: Register16Bit
muxpart__46: muxpart
reg__207: reg
reg__116: reg
Register16Bit__190: Register16Bit
Register16Bit__449: Register16Bit
Register16Bit__201: Register16Bit
reg__216: reg
Register16Bit__49: Register16Bit
muxpart__8: muxpart
case__569: case__7
Register16Bit__223: Register16Bit
case__319: case__9
reg__2: reg
case__486: case__2
reg__229: reg
Register16Bit__34: Register16Bit
reg__301: reg
reg__234: reg
case__436: case__4
reg__84: reg
reg__503: reg
case__331: case__5
case__465: case__7
case__539: case__5
muxpart__55: muxpart
muxpart__61: muxpart
case__249: case__7
case__371: case__5
reg__401: reg
reg__358: reg
case__359: case__1
case__532: case__12
Register16Bit__275: Register16Bit
reg__346: reg
Register16Bit__422: Register16Bit
Register16Bit__419: Register16Bit
reg__34: reg
Register16Bit__53: Register16Bit
reg__454: reg
case__366: case__2
case__165: case__3
case__557: case__3
case__200: case
reg__391: reg
case__379: case__5
reg__396: reg
case__480: case
case__154: case__6
case__234: case__6
Register16Bit__256: Register16Bit
Register16Bit__243: Register16Bit
reg__88: reg
Register16Bit__491: Register16Bit
Register16Bit__16: Register16Bit
Register16Bit__489: Register16Bit
reg__407: reg
case__521: case__7
case__149: case__3
Register16Bit__320: Register16Bit
Register16Bit__368: Register16Bit
case__572: case__4
case__125: case__3
Register16Bit__492: Register16Bit
Register16Bit__211: Register16Bit
case__133: case__3
Register16Bit__331: Register16Bit
case__350: case__2
reg__30: reg
case__20: case__20
reg__14: reg
case__499: case__5
case__420: case__4
Register16Bit__122: Register16Bit
Register16Bit__473: Register16Bit
reg__71: reg
Register16Bit__199: Register16Bit
case__511: case__1
Register16Bit__496: Register16Bit
RAM8__13: RAM8
RAM4K__GC0: RAM4K__GC0
case__22: case__22
reg__214: reg
Register16Bit__102: Register16Bit
case__25: case__25
reg__138: reg
case__540: case__4
case__102: case__10
Register16Bit__428: Register16Bit
Register16Bit__445: Register16Bit
reg__53: reg
Register16Bit__280: Register16Bit
reg__312: reg
reg__189: reg
case__351: case__1
reg__421: reg
case__503: case__1
case__429: case__3
case__215: case__1
case__566: case__2
case__285: case__3
reg__311: reg
RAM8__5: RAM8
reg__313: reg
case__30: case__30
Register16Bit__495: Register16Bit
Register16Bit__179: Register16Bit
case__144: case
reg__260: reg
case__483: case__5
reg__68: reg
case__542: case__2
case__301: case__3
reg__140: reg
RAM512: RAM512
case__363: case__5
case__504: case
muxpart__17: muxpart
reg__150: reg
Register16Bit__231: Register16Bit
reg__244: reg
case__505: case__7
Register16Bit__194: Register16Bit
case__128: case
reg__388: reg
case__184: case
case__493: case__3
case__413: case__3
case__536: case__8
case__418: case__6
Register16Bit__60: Register16Bit
Register16Bit__487: Register16Bit
Register16Bit__247: Register16Bit
case__509: case__3
Register16Bit__222: Register16Bit
reg__384: reg
RAM8__21: RAM8
reg__217: reg
case__399: case__1
case__529: case__15
case__401: case__7
case__47: case__1
Register16Bit__404: Register16Bit
Register16Bit__196: Register16Bit
case__588: case__4
Register16Bit__189: Register16Bit
Register16Bit__94: Register16Bit
Register16Bit__325: Register16Bit
case__70: case__2
Register16Bit__396: Register16Bit
case__19: case__19
Register16Bit__493: Register16Bit
Register16Bit__158: Register16Bit
case__56: case
Register16Bit__470: Register16Bit
Register16Bit__329: Register16Bit
Register16Bit__469: Register16Bit
Register16Bit__409: Register16Bit
Register16Bit__393: Register16Bit
reg__507: reg
case__243: case__13
case__5: case__5
muxpart__71: muxpart
reg__471: reg
case__589: case__3
case__596: case__4
case__269: case__3
reg__280: reg
reg__271: reg
case__113: case__7
case__407: case__1
case__373: case__3
case__342: case__2
reg__39: reg
Register16Bit__270: Register16Bit
reg__132: reg
muxpart__29: muxpart
case__378: case__6
case__323: case__5
case__300: case__4
Register16Bit__139: Register16Bit
Register16Bit__333: Register16Bit
reg__291: reg
Register16Bit__171: Register16Bit
Register16Bit__111: Register16Bit
case__251: case__5
reg__335: reg
Register16Bit__273: Register16Bit
case__478: case__2
case__402: case__6
Register16Bit__176: Register16Bit
RAM8__46: RAM8
reg__360: reg
reg__81: reg
Register16Bit__97: Register16Bit
case__256: case
reg__321: reg
reg__168: reg
reg__19: reg
reg__293: reg
Register16Bit__185: Register16Bit
case__431: case__1
case__495: case__1
reg__223: reg
case__294: case__2
reg__486: reg
case__219: case__5
Register16Bit__6: Register16Bit
Register16Bit__504: Register16Bit
RAM8__9: RAM8
Register16Bit__161: Register16Bit
reg__451: reg
Register16Bit__281: Register16Bit
Register16Bit__389: Register16Bit
reg__32: reg
Register16Bit__219: Register16Bit
reg__403: reg
Register16Bit__305: Register16Bit
Register16Bit__371: Register16Bit
Register16Bit__411: Register16Bit
Register16Bit__47: Register16Bit
Register16Bit__364: Register16Bit
case__105: case__7
case__502: case__2
Register16Bit__316: Register16Bit
Register16Bit__118: Register16Bit
case__327: case__1
muxpart__63: muxpart
RAM8__32: RAM8
case__550: case__2
Register16Bit__261: Register16Bit
reg__398: reg
reg__158: reg
case__199: case__1
case__208: case
case__335: case__1
reg__240: reg
Register16Bit__452: Register16Bit
Register16Bit__460: Register16Bit
case__283: case__5
reg__147: reg
case__578: case__6
case__172: case__12
Register16Bit__434: Register16Bit
case__271: case__1
Register16Bit__369: Register16Bit
Register16Bit__26: Register16Bit
RAM64__7: RAM64
case__236: case__4
case__65: case__7
reg__464: reg
case__487: case__1
reg__472: reg
case__322: case__6
Register16Bit__246: Register16Bit
reg__23: reg
case__565: case__3
reg__505: reg
reg__51: reg
reg__409: reg
reg__80: reg
Register16Bit__39: Register16Bit
reg__500: reg
muxpart__23: muxpart
Register16Bit__289: Register16Bit
case__244: case__12
case__252: case__4
Register16Bit__347: Register16Bit
reg__43: reg
reg__431: reg
reg__125: reg
case__209: case__7
case__582: case__2
case__600: case
Register16Bit__183: Register16Bit
reg__221: reg
reg__135: reg
reg__445: reg
case__242: case__14
Register16Bit__511: Register16Bit
case__173: case__11
Register16Bit__307: Register16Bit
case__452: case__4
Register16Bit__268: Register16Bit
reg__136: reg
case__398: case__2
case__421: case__3
Register16Bit__165: Register16Bit
case__434: case__6
muxpart__66: muxpart__1
Register16Bit__174: Register16Bit
case__276: case__4
Register16Bit__141: Register16Bit
reg__38: reg
muxpart__41: muxpart
RAM8__40: RAM8
case__146: case__6
reg__118: reg
Register16Bit__119: Register16Bit
case__13: case__13
Register16Bit__11: Register16Bit
Register16Bit__392: Register16Bit
Register16Bit__72: Register16Bit
Register16Bit__380: Register16Bit
Register16Bit__399: Register16Bit
reg__47: reg
reg__481: reg
reg__9: reg
reg__390: reg
Register16Bit__127: Register16Bit
Register16Bit__68: Register16Bit
muxpart__53: muxpart
reg__155: reg
case__96: case
case__286: case__2
case__411: case__5
case__85: case__3
reg__354: reg
Register16Bit__19: Register16Bit
Register16Bit__104: Register16Bit
Register16Bit__459: Register16Bit
reg__275: reg
case__179: case__5
Register16Bit__300: Register16Bit
reg__339: reg
Register16Bit__217: Register16Bit
reg__174: reg
case__360: case
reg__97: reg
case__194: case__6
Register16Bit__390: Register16Bit
case__423: case__1
case__160: case
Register16Bit__90: Register16Bit
case__71: case__1
Register16Bit__309: Register16Bit
reg__314: reg
RAM8__28: RAM8
reg__504: reg
Register16Bit__143: Register16Bit
case__222: case__2
reg__296: reg
Register16Bit__462: Register16Bit
Register16Bit__23: Register16Bit
reg__251: reg
reg__467: reg
case__77: case__3
case__299: case__5
Register16Bit__443: Register16Bit
reg__369: reg
case__297: case__7
reg__458: reg
reg__268: reg
reg__484: reg
Register16Bit__477: Register16Bit
reg__179: reg
Register16Bit__474: Register16Bit
Register16Bit__506: Register16Bit
reg__232: reg
case__394: case__6
Register16Bit__3: Register16Bit
reg__382: reg
Register16Bit__98: Register16Bit
case__124: case__4
Register16Bit__159: Register16Bit
Register16Bit__377: Register16Bit
reg__152: reg
case__415: case__1
reg__324: reg
case__278: case__2
case__123: case__5
case__397: case__3
case__211: case__5
case__492: case__4
reg__282: reg
case__444: case__4
muxpart__72: muxpart
case__458: case__14
reg__178: reg
Register16Bit__291: Register16Bit
case__541: case__3
Register16Bit__2: Register16Bit
case__372: case__4
case__412: case__4
case__328: case
case__392: case__8
muxpart__47: muxpart
case__289: case__7
reg__480: reg
case__66: case__6
case__310: case__2
Register16Bit__202: Register16Bit
Register16Bit__308: Register16Bit
Register16Bit__136: Register16Bit
case__523: case__5
reg__21: reg
case__202: case__6
Register16Bit__227: Register16Bit
reg__40: reg
case__226: case__6
reg__255: reg
reg__430: reg
reg__194: reg
RAM8__44: RAM8
case__24: case__24
reg__429: reg
case__472: case
reg__485: reg
reg__433: reg
reg__365: reg
Register16Bit__110: Register16Bit
muxpart__51: muxpart
case__3: case__3
reg__143: reg
Register16Bit__44: Register16Bit
reg__408: reg
reg__299: reg
reg__146: reg
case__141: case__3
reg__475: reg
Register16Bit__79: Register16Bit
case__389: case__11
case__181: case__3
case__464: case__8
case__241: case__15
Register16Bit__453: Register16Bit
muxpart__74: muxpart
Register16Bit__501: Register16Bit
RAM8__58: RAM8
case__590: case__2
case__213: case__3
Register16Bit__109: Register16Bit
reg__243: reg
case__437: case__3
case__510: case__2
reg__170: reg
case__598: case__2
Register16Bit__150: Register16Bit
RAM8__33: RAM8
reg__374: reg
reg__370: reg
reg__241: reg
reg__423: reg
reg__437: reg
reg__126: reg
case__324: case__4
Register16Bit__154: Register16Bit
case__178: case__6
reg__284: reg
case__261: case__3
case__295: case__1
case__34: case__34
Register16Bit__137: Register16Bit
Register16Bit__374: Register16Bit
Register16Bit__1: Register16Bit
reg__509: reg
muxpart__6: muxpart
case__439: case__1
muxpart__22: muxpart
case__7: case__7
case__374: case__2
reg__270: reg
Register16Bit__181: Register16Bit
case__388: case__12
Register16Bit__115: Register16Bit
RAM64__3: RAM64
Register16Bit__503: Register16Bit
reg__131: reg
case__549: case__3
reg__205: reg
RAM8__55: RAM8
muxpart__37: muxpart
case__548: case__4
Register16Bit__148: Register16Bit
Register16Bit__343: Register16Bit
reg__82: reg
case__594: case__6
muxpart__49: muxpart
reg__195: reg
case__259: case__5
reg__142: reg
Register16Bit__168: Register16Bit
case__320: case__8
reg__285: reg
reg__447: reg
case__114: case__6
Register16Bit__326: Register16Bit
reg__124: reg
reg__107: reg
case__526: case__2
reg__75: reg
case: case
case__474: case__6
case__176: case__8
Register16Bit__467: Register16Bit
Register16Bit__408: Register16Bit
Register16Bit__46: Register16Bit
Register16Bit__425: Register16Bit
reg__176: reg
Register16Bit__417: Register16Bit
reg__383: reg
Register16Bit__96: Register16Bit
reg__427: reg
case__337: case__7
reg__105: reg
case__203: case__5
reg__345: reg
reg__405: reg
reg__67: reg
RAM8__11: RAM8
reg__496: reg
Register16Bit__433: Register16Bit
Register16Bit__338: Register16Bit
Register16Bit__488: Register16Bit
reg__50: reg
case__254: case__2
case__158: case__2
reg__7: reg
reg__434: reg
case__75: case__5
case__31: case__31
reg__470: reg
case__148: case__4
Register16Bit__479: Register16Bit
muxpart__40: muxpart
reg__83: reg
reg__364: reg
reg__190: reg
reg__233: reg
reg__373: reg
reg__246: reg
case__9: case__9
RAM8__49: RAM8
case__214: case__2
Register16Bit__485: Register16Bit
reg__318: reg
reg__248: reg
Register16Bit__248: Register16Bit
case__459: case__13
reg__442: reg
Register16Bit__447: Register16Bit
reg__367: reg
case__60: case__4
Register16Bit__250: Register16Bit
Register16Bit__114: Register16Bit
case__246: case__10
case__438: case__2
Register16Bit__319: Register16Bit
muxpart__16: muxpart
Register16Bit__438: Register16Bit
reg__453: reg
Register16Bit__494: Register16Bit
Register16Bit__253: Register16Bit
Register16Bit__292: Register16Bit
Register16Bit__367: Register16Bit
Register16Bit__133: Register16Bit
case__336: case
Register16Bit__88: Register16Bit
case__315: case__13
case__422: case__2
Register16Bit__295: Register16Bit
case__530: case__14
reg__129: reg
case__352: case
case__156: case__4
Register16Bit__398: Register16Bit
Register16Bit__349: Register16Bit
Register16Bit__207: Register16Bit
Register16Bit__106: Register16Bit
reg__376: reg
case__48: case
reg__489: reg
reg__267: reg
Register16Bit__235: Register16Bit
Register16Bit__5: Register16Bit
reg__112: reg
reg__199: reg
case__524: case__4
RAM64__6: RAM64
Register16Bit__84: Register16Bit
muxpart__20: muxpart
reg__66: reg
case__262: case__2
case__440: case
reg__172: reg
Register16Bit__85: Register16Bit
case__263: case__1
Register16Bit__418: Register16Bit
case__177: case__7
Register16Bit__312: Register16Bit
reg__294: reg
reg__274: reg
Register16Bit__414: Register16Bit
case__433: case__7
reg__425: reg
Register16Bit__8: Register16Bit
reg__151: reg
Register16Bit__125: Register16Bit
reg__90: reg
reg__164: reg
case__257: case__7
reg__64: reg
case__455: case__1
reg__468: reg
case__481: case__7
reg__372: reg
reg__18: reg
case__103: case__9
Register16Bit__352: Register16Bit
case__188: case__4
muxpart__52: muxpart
case__406: case__2
case__189: case__3
Register16Bit__83: Register16Bit
RAM8__31: RAM8
reg__399: reg
Register16Bit__405: Register16Bit
reg__236: reg
case__479: case__1
Register16Bit__234: Register16Bit
reg__289: reg
Register16Bit__298: Register16Bit
RAM64__5: RAM64
Register16Bit__385: Register16Bit
Register16Bit__195: Register16Bit
reg__386: reg
muxpart__44: muxpart
Register16Bit__415: Register16Bit
Register16Bit__15: Register16Bit
reg__185: reg
case__73: case__7
reg__184: reg
Register16Bit__472: Register16Bit
reg__258: reg
Register16Bit__182: Register16Bit
case__391: case__9
reg__108: reg
reg__381: reg
reg__16: reg
reg__55: reg
muxpart__31: muxpart
RAM8__24: RAM8
Register16Bit__357: Register16Bit
Register16Bit__157: Register16Bit
case__232: case
Register16Bit__221: Register16Bit
Register16Bit__81: Register16Bit
reg__173: reg
reg__304: reg
reg__340: reg
case__290: case__6
reg__91: reg
Register16Bit__497: Register16Bit
reg__446: reg
Register16Bit__429: Register16Bit
Register16Bit__173: Register16Bit
Register16Bit__32: Register16Bit
case__584: case
reg__337: reg
case__570: case__6
Register16Bit__297: Register16Bit
case__386: case__14
case__508: case__4
reg__327: reg
reg__63: reg
case__268: case__4
Register16Bit__28: Register16Bit
case__281: case__7
case__425: case__7
case__520: case
reg__111: reg
case__167: case__1
Register16Bit__18: Register16Bit
case__296: case
reg__394: reg
RAM64__1: RAM64
case__129: case__7
case__150: case__2
Register16Bit__311: Register16Bit
Register16Bit__446: Register16Bit
case__218: case__6
case__559: case__1
Register16Bit__17: Register16Bit
case__311: case__1
Register16Bit__107: Register16Bit
reg__361: reg
reg__276: reg
case__206: case__2
reg__102: reg
Register16Bit__269: Register16Bit
muxpart__5: muxpart
case__307: case__5
Register16Bit__130: Register16Bit
reg__513: reg__1
Register16Bit__56: Register16Bit
case__355: case__5
Register16Bit__116: Register16Bit
reg__316: reg
case__447: case__1
case__11: case__11
Register16Bit__214: Register16Bit
Register16Bit__123: Register16Bit
Register16Bit__451: Register16Bit
reg__44: reg
RAM8__16: RAM8
case__136: case
Register16Bit__62: Register16Bit
reg__460: reg
case__151: case__1
case__576: case
muxpart__24: muxpart
reg__349: reg
Register16Bit__164: Register16Bit
Register16Bit__42: Register16Bit
muxpart__43: muxpart
reg__177: reg
reg__11: reg
Register16Bit__455: Register16Bit
case__314: case__14
case__414: case__2
RAM8__51: RAM8
case__473: case__7
reg__352: reg
case__531: case__13
reg__438: reg
case__571: case__5
reg__226: reg
reg__89: reg
Register16Bit__232: Register16Bit
case__39: case__39
reg__26: reg
reg__272: reg
case__591: case__1
reg__435: reg
RAM8__30: RAM8
RAM8__10: RAM8
reg__154: reg
Register16Bit__416: Register16Bit
case__284: case__4
Register16Bit__303: Register16Bit
Register16Bit__276: Register16Bit
case__87: case__1
reg__24: reg
case__51: case__5
case__579: case__5
reg__343: reg
case__54: case__2
Register16Bit__397: Register16Bit
reg__389: reg
reg__436: reg
Register16Bit__229: Register16Bit
reg__79: reg
reg__332: reg
case__118: case__2
Register16Bit__454: Register16Bit
reg__499: reg
Register16Bit__166: Register16Bit
Register16Bit__200: Register16Bit
case__305: case__7
case__186: case__6
case__53: case__3
reg__512: reg
case__4: case__4
case__280: case
case__517: case__3
muxpart__3: muxpart__3
Register16Bit__458: Register16Bit
muxpart__35: muxpart
case__313: case__15
reg__197: reg
case__338: case__6
Register16Bit__22: Register16Bit
reg__359: reg
Register16Bit__188: Register16Bit
reg__397: reg
reg__482: reg
case__468: case__4
reg__238: reg
case__170: case__14
reg__261: reg
Register16Bit__350: Register16Bit
reg__387: reg
Register16Bit__420: Register16Bit
muxpart__70: muxpart
reg__62: reg
RAM8__34: RAM8
Register16Bit__461: Register16Bit
reg__412: reg
RAM8__43: RAM8
case__501: case__3
Register16Bit__508: Register16Bit
case__496: case
Register16Bit__203: Register16Bit
reg__400: reg
case__375: case__1
case__221: case__3
case__367: case__1
Register16Bit__482: Register16Bit
reg__265: reg
reg__115: reg
reg__298: reg
Register16Bit__424: Register16Bit
Register16Bit__135: Register16Bit
case__546: case__6
Register16Bit__99: Register16Bit
case__497: case__7
Register16Bit__153: Register16Bit
case__274: case__6
reg__59: reg
case__528: case
Register16Bit__365: Register16Bit
reg__250: reg
Register16Bit__31: Register16Bit
reg__308: reg
case__522: case__6
case__231: case__1
Register16Bit__345: Register16Bit
Register16Bit__258: Register16Bit
Register16Bit__146: Register16Bit
Register16Bit__113: Register16Bit
Register16Bit__80: Register16Bit
Register16Bit__360: Register16Bit
muxpart__21: muxpart__1
RAM8__61: RAM8
Register16Bit__255: Register16Bit
reg__175: reg
case__101: case__11
case__109: case__3
case__153: case__7
reg__5: reg
case__67: case__5
Register16Bit__403: Register16Bit
case__426: case__6
Register16Bit__131: Register16Bit
reg__357: reg
case__55: case__1
RAM8__63: RAM8
case__533: case__11
Register16Bit__394: Register16Bit
Register16Bit__313: Register16Bit
Register16Bit__38: Register16Bit
Register16Bit__216: Register16Bit
case__393: case__7
case__534: case__10
Register16Bit__156: Register16Bit
reg__219: reg
reg__220: reg
Register16Bit__191: Register16Bit
case__163: case__5
reg__348: reg
case__573: case__3
case__74: case__6
case__217: case__7
reg__69: reg
case__489: case__7
case__400: case
reg__379: reg
case__205: case__3
case__585: case__7
muxpart__1: muxpart__1
case__143: case__1
Register16Bit__93: Register16Bit
Register16Bit__260: Register16Bit
case__513: case__7
case__356: case__4
case__454: case__2
reg__61: reg
muxpart__38: muxpart
RAM8__22: RAM8
RAM8__25: RAM8
case__171: case__13
RAM8__50: RAM8
muxpart__39: muxpart__1
reg__12: reg
reg__198: reg
case__544: case
reg__134: reg
Register16Bit__381: Register16Bit
Register16Bit__252: Register16Bit
reg__74: reg
reg__380: reg
reg__45: reg
case__563: case__5
reg__60: reg
case__552: case
Register16Bit__228: Register16Bit
case__343: case__1
reg__310: reg
Register16Bit__322: Register16Bit
case__38: case__38
case__2: case__2
reg__227: reg
Register16Bit__239: Register16Bit
case__135: case__1
Register16Bit__321: Register16Bit
Register16Bit__442: Register16Bit
case__17: case__17
muxpart__58: muxpart
muxpart__4: muxpart__4
case__43: case__5
case__72: case
Register16Bit__51: Register16Bit
RAM8__20: RAM8
reg__169: reg
Register16Bit__192: Register16Bit
Register16Bit__100: Register16Bit
reg__330: reg
reg__448: reg
reg__106: reg
case__556: case__4
reg__213: reg
reg__41: reg
case__196: case__4
reg__415: reg
case__456: case
case__597: case__3
case__553: case__7
Register16Bit__384: Register16Bit
case__264: case
reg__58: reg
case__37: case__37
reg__259: reg
Register16Bit__238: Register16Bit
case__95: case__1
case__139: case__5
case__228: case__4
case__312: case
Register16Bit__282: Register16Bit
reg__160: reg
case__547: case__5
Register16Bit__401: Register16Bit
Register16Bit__129: Register16Bit
case__453: case__3
reg__94: reg
Register16Bit__126: Register16Bit
reg__87: reg
reg__33: reg
Register16Bit__373: Register16Bit
reg__1: reg__1
case__18: case__18
case__574: case__2
reg__203: reg
case__424: case
Register16Bit__463: Register16Bit
Register16Bit__391: Register16Bit
case__543: case__1
case__187: case__5
case__119: case__1
case__63: case__1
reg__76: reg
Register16Bit__55: Register16Bit
case__104: case__8
reg__510: reg
RAM8__14: RAM8
case__227: case__5
Register16Bit__509: Register16Bit
Register16Bit__66: Register16Bit
reg__488: reg
case__190: case__2
reg__57: reg
Register16Bit__35: Register16Bit
reg__302: reg
reg__252: reg
case__108: case__4
reg__295: reg
reg__128: reg
case__98: case__14
case__442: case__6
case__247: case__9
reg__441: reg
muxpart__27: muxpart
muxpart__28: muxpart
Register16Bit__14: Register16Bit
case__245: case__11
Register16Bit__187: Register16Bit
Register16Bit__52: Register16Bit
Register16Bit__407: Register16Bit
Register16Bit__121: Register16Bit
case__233: case__7
reg__309: reg
case__475: case__5
case__448: case
case__50: case__6
Register16Bit__400: Register16Bit
case__180: case__4
case__515: case__5
case__321: case__7
reg__322: reg
case__595: case__5
Register16Bit__71: Register16Bit
RAM8__38: RAM8
RAM8__4: RAM8
case__223: case__1
case__161: case__7
case__417: case__7
Register16Bit__251: Register16Bit
muxpart__19: muxpart
Register16Bit__323: Register16Bit
case__416: case
reg__4: reg
case__525: case__3
reg__283: reg
case__306: case__6
case__581: case__3
case__467: case__5
reg__70: reg
case__377: case__7
reg__288: reg
case__451: case__5
reg__212: reg
RAM8__57: RAM8
Register16Bit__293: Register16Bit
reg__269: reg
reg__208: reg
Register16Bit__41: Register16Bit
reg__145: reg
case__326: case__2
Register16Bit__287: Register16Bit
case__329: case__7
RAM8__56: RAM8
reg__336: reg
Register16Bit__432: Register16Bit
Register16Bit__40: Register16Bit
reg__347: reg
case__204: case__4
case__272: case
Register16Bit__351: Register16Bit
Register16Bit__86: Register16Bit
muxpart__14: muxpart
case__466: case__6
reg__344: reg
muxpart__36: muxpart
reg__368: reg
Register16Bit__21: Register16Bit
case__535: case__9
Register16Bit__82: Register16Bit
Register16Bit__87: Register16Bit
Register16Bit__61: Register16Bit
case__111: case__1
case__545: case__7
reg__497: reg
case__69: case__3
case__78: case__2
Register16Bit__12: Register16Bit
case__61: case__3
case__519: case__1
reg__333: reg
case__382: case__2
RAM8__54: RAM8
reg__420: reg
case__6: case__6
reg__196: reg
case__317: case__11
reg__187: reg
RAM64__4: RAM64
Register16Bit__29: Register16Bit
reg__342: reg
reg__46: reg
Register16Bit__205: Register16Bit
case__162: case__6
muxpart__57: muxpart__1
case__127: case__1
case__344: case
reg__254: reg
case__410: case__6
case__562: case__6
reg__171: reg
case__288: case
case__409: case__7
muxpart__60: muxpart
Register16Bit__285: Register16Bit
Register16Bit__301: Register16Bit
Register16Bit__91: Register16Bit
case__44: case__4
case__538: case__6
reg__469: reg
case__182: case__2
reg__239: reg
reg__6: reg
reg__78: reg
Register16Bit__294: Register16Bit
reg__181: reg
case__273: case__7
muxpart__26: muxpart
case__333: case__3
reg__10: reg
Register16Bit__75: Register16Bit
Register16Bit__464: Register16Bit
Register16Bit__412: Register16Bit
case__90: case__6
Register16Bit__450: Register16Bit
reg__356: reg
case__302: case__2
reg__201: reg
reg__279: reg
case__432: case
case__318: case__10
case__147: case__5
reg__109: reg
reg__17: reg
Register16Bit__386: Register16Bit
Register16Bit__105: Register16Bit
case__357: case__3
reg__476: reg
Register16Bit__204: Register16Bit
reg__52: reg
RAM8__6: RAM8
Register16Bit__324: Register16Bit
Register16Bit__160: Register16Bit
Register16Bit__175: Register16Bit
reg__218: reg
